set distname=KLV-SpectrwmCE
set revision=2.0
set savepart=Persistence
set savedir=Sessions
set bootlabel=QEMU

#
# menu.lst
#
#color NORMAL            HIGHLIGHT       HELPTEXT       HEADING
#       f/b               f/b              f/b           f/b
color light-gray/black yellow/red cyan/black light-blue/black

timeout 10
default 0

# 0.4.6a
graphicsmode -1 800 600
splashimage /boot/splash.jpg

# FOR BOOTING FROM CDROM:

title %distname%-%revision% (LABEL, RAM0 no persistence)
 kernel /vmlinuz w_bootfrom=LABEL=%distname%=/ w_changes=RAM0 net.ifnames=0
 initrd /initrd.gz
  
title %distname%-%revision% (LABEL, RAM2 save on demand to %savepart%_%savedir%)
 kernel /vmlinuz w_bootfrom=LABEL=%distname%=/ w_changes=LABEL=%savepart%=/%savedir%/%distname%-%revision% w_changes1=RAM2 net.ifnames=0
 initrd /initrd.gz 

title %distname%-%revision% (LABEL, direct saves to %savepart%_%savedir%)
 kernel /vmlinuz w_bootfrom=LABEL=%distname%=/ w_changes=LABEL=%savepart%=/%savedir%/%distname%-%revision% net.ifnames=0
 initrd /initrd.gz

title %distname%-%revision% (LABEL, RAM2 save on demand to sda1/%savedir%)
 kernel /vmlinuz w_bootfrom=LABEL=%distname%=/ w_changes=/mnt/sda1/%savedir%/%distname%-%revision% w_changes1=RAM2 net.ifnames=0
 initrd /initrd.gz

title %distname%-%revision% (LABEL, direct saves to sda1/%savedir%)
 kernel /vmlinuz w_bootfrom=LABEL=%distname%=/ w_changes=/mnt/sda1/%savedir%/%distname%-%revision% net.ifnames=0
 initrd /initrd.gz

title %distname%-%revision% (LABEL, RAM2 save on demand to %bootlabel%_%savedir%)
 kernel /vmlinuz w_bootfrom=LABEL=%distname%=/ w_changes=LABEL=%bootlabel%=/%savedir%/%distname%-%revision% w_changes1=RAM2 net.ifnames=0
 initrd /initrd.gz 

title %distname%-%revision% (LABEL, direct saves to %bootlabel%_%savedir%)
 kernel /vmlinuz w_bootfrom=LABEL=%distname%=/ w_changes=LABEL=%bootlabel%=/%savedir%/%distname%-%revision% net.ifnames=0
 initrd /initrd.gz
 
# EXTRAS, for example, /mnt/sr0 w_copy2ram:

title %distname%-%revision% (/mnt/sr0 RAM0 no persistence w_copy2ram)
 kernel /vmlinuz w_bootfrom=/mnt/sr0 w_changes=RAM0 net.ifnames=0 w_copy2ram
 initrd /initrd.gz
 
title %distname%-%revision% (/mnt/sr0 RAM2 save on demand to %savepart%_%savedir% w_copy2ram)
 kernel /vmlinuz w_bootfrom=/mnt/sr0  w_changes=LABEL=%savepart%=/%savedir%/%distname%-%revision% w_changes1=RAM2 net.ifnames=0 w_copy2ram
 initrd /initrd.gz

title %distname%-%revision% (/mnt/sr0 direct saves to %savepart%_%savedir% w_copy2ram)
 kernel /vmlinuz w_bootfrom=/mnt/sr0  w_changes=LABEL=%savepart%=/%savedir%/%distname%-%revision% net.ifnames=0 w_copy2ram
 initrd /initrd.gz
 
title %distname%-%revision% (/mnt/sr0 RAM2 save on demand to sda1/%savedir% w_copy2ram)
 kernel /vmlinuz w_bootfrom=/mnt/sr0  w_changes=/mnt/sda1/%savedir%/%distname%-%revision% w_changes1=RAM2 net.ifnames=0 w_copy2ram
 initrd /initrd.gz

title %distname%-%revision% (/mnt/sr0 direct saves to sda1/%savedir% w_copy2ram)
 kernel /vmlinuz w_bootfrom=/mnt/sr0  w_changes=/mnt/sda1/%savedir%/%distname%-%revision% net.ifnames=0 w_copy2ram
 initrd /initrd.gz
 
title %distname%-%revision% (/mnt/sr0 RAM2 save on demand to %bootlabel%_%savedir% w_copy2ram)
 kernel /vmlinuz w_bootfrom=/mnt/sr0  w_changes=LABEL=%bootlabel%=/%savedir%/%distname%-%revision% w_changes1=RAM2 net.ifnames=0 w_copy2ram
 initrd /initrd.gz

title %distname%-%revision% (/mnt/sr0 direct saves to %bootlabel%_%savedir% w_copy2ram)
 kernel /vmlinuz w_bootfrom=/mnt/sr0  w_changes=LABEL=%bootlabel%=/%savedir%/%distname%-%revision% net.ifnames=0 w_copy2ram
 initrd /initrd.gz
 
title
  root

title Help - Boot Params
  configfile /boot/grub/menu_phelp.lst

title
  root
  
# Boot from Partition Boot Sector

title Boot first hard drive (hd0,0)
  root (hd0,0)
  chainloader +1 || chainloader /grldr || chainloader /bootmngr

title
  root

# additionals

title Grub4Dos commandline\n(for experts only)
  commandline

title Reboot computer
  reboot

title Halt computer
  halt
